rpc call intiated fortytwo::i
rpc call complete fortytwo::i
output 0:  i(42)

rpc call intiated helloworld::s
rpc call complete helloworld::s
output 0:  s("hello, world.")

